// Jest Snapshot v1, https://goo.gl/fbAQLP

exports[`shoul correctly render Loading page 1`] = `
<div
  className="box-layout"
>
  <div
    className="box-layout__box"
  >
    <h1
      className="box-layout__title"
    >
      Expenses Management 
    </h1>
    <p>
      Add Your Expenses and Manage them without Paper and Calculator 
    </p>
    <button
      className="button"
    >
      Login with Google
    </button>
  </div>
</div>
`;
